---
source: crates/migjorn-syntax/tests/corpus.rs
expression: summary(&src)
input_file: crates/migjorn-syntax/tests/corpus/cells/mixed_params.mcnp
---
TITLE_CARD   | Cell cards exercising a mix of keyword parameters
CELL_CARD    | 1 1 -1.0 -1 imp : n = 1 imp : p = 0 vol = 3.0 u = 5
CELL_CARD    | 2 0 -2 trcl = 4 * fill = 7 ( 0 0 5 90 90 0 )
CELL_CARD    | 3 0 -3 fill = 8 ( 40 ) ext : n = 0.7 pwt = -1
SURFACE_CARD | 1 SO 5
SURFACE_CARD | 2 SO 9
SURFACE_CARD | 3 SO 7
DATA_CARD    | m1 1001 1
DATA_CARD    | tr4 0 0 0
--
diagnostics: none
