---
source: crates/crunchy-syntax/tests/corpus.rs
expression: summary(&src)
input_file: crates/crunchy-syntax/tests/corpus/continuations/ampersand_and_indent.mcnp
---
TITLE_CARD   | Continuation via ampersand and via 5+ blank columns
CELL_CARD    | 10 0 -1 2 -3 & 4 -5 imp : n = 1
CELL_CARD    | 20 0 -10 11 -12 13 -14 imp : n = 1
SURFACE_CARD | 1 PX 0
SURFACE_CARD | 2 PY 0
DATA_CARD    | m1 1001 1
--
diagnostics: none
